// Jest Snapshot v1, https://goo.gl/fbAQLP

exports[`Pruebas en <App />ยบ should match with snapshot 1`] = `
<div>
  <h1
    data-testid="test-title"
  >
    Hola, Soy Goku
  </h1>
  <p>
    No hay subtitulo
  </p>
  <p>
    No hay subtitulo
  </p>
  <p>
    No hay subtitulo
  </p>
  <p>
    Porros escondidos
  </p>
</div>
`;
